../Core/Src/main.c:106:5:main	24	static
../Core/Src/main.c:189:6:SystemClock_Config	88	static
../Core/Src/main.c:236:13:MX_ADC1_Init	24	static
../Core/Src/main.c:297:13:MX_TIM1_Init	96	static
../Core/Src/main.c:372:13:MX_TIM5_Init	32	static
../Core/Src/main.c:417:13:MX_TIM11_Init	40	static
../Core/Src/main.c:466:13:MX_USART2_UART_Init	8	static
../Core/Src/main.c:497:13:MX_DMA_Init	16	static
../Core/Src/main.c:519:13:MX_GPIO_Init	48	static
../Core/Src/main.c:561:6:Error_Handler	4	static,ignoring_inline_asm
