../Core/Src/main.c:114:5:main	24	static
../Core/Src/main.c:193:6:SystemClock_Config	88	static
../Core/Src/main.c:240:13:MX_ADC1_Init	24	static
../Core/Src/main.c:301:13:MX_TIM1_Init	96	static
../Core/Src/main.c:376:13:MX_TIM5_Init	32	static
../Core/Src/main.c:421:13:MX_TIM11_Init	40	static
../Core/Src/main.c:470:13:MX_USART2_UART_Init	8	static
../Core/Src/main.c:501:13:MX_DMA_Init	16	static
../Core/Src/main.c:523:13:MX_GPIO_Init	48	static
../Core/Src/main.c:558:6:HAL_TIM_PeriodElasedCallback	24	static
../Core/Src/main.c:565:10:micros	12	static
../Core/Src/main.c:569:6:swap	24	static
../Core/Src/main.c:575:6:SetTwoPointsForCalibrate	32	static
../Core/Src/main.c:594:6:HolePositionsCartesian	40	static
../Core/Src/main.c:631:6:GetJoystickXYaxisValue	16	static
../Core/Src/main.c:652:6:JoyStickControlCartesian	8	static
../Core/Src/main.c:683:6:Error_Handler	4	static,ignoring_inline_asm
